PS C:\Users\atsushi\Desktop\kadai_git> mkdir git_challenge
    ディレクトリ: C:\Users\atsushi\Desktop\kadai_git

PS C:\Users\atsushi\Desktop\kadai_git\git_challenge> git init
PS C:\Users\atsushi\Desktop\kadai_git\git_challenge> echo "Hello, world!" >> hello_world.txt
PS C:\Users\atsushi\Desktop\kadai_git\git_challenge> git add hello_world.txt       
[main (root-commit) 56ac19d] hello_world.txt繧定ｿｽ蜉
PS C:\Users\atsushi\Desktop\kadai_git\git_challenge> echo "こんにちは、世界!" >> hello_world.txt
PS C:\Users\atsushi\Desktop\kadai_git\git_challenge> git config --global core.quotepath false
PS C:\Users\atsushi\Desktop\kadai_git\git_challenge> git config --global core.quotepath
false
PS C:\Users\atsushi\Desktop\kadai_git\git_challenge> git commit -m "日本語訳を追記"

[main d70ea0b] 譌･譛ｬ隱櫁ｨｳ繧定ｿｽ險
 1 file changed, 0 insertions(+), 0 deletions(-)
PS C:\Users\atsushi\Desktop\kadai_git\git_challenge> git log --oneline
d70ea0b (HEAD -> main) 日本語訳を追記
56ac19d hello_world.txtを追加
PS C:\Users\atsushi\Desktop\kadai_git\git_challenge> 